app/admin/page.tsx(2245,91): error TS7006: Parameter 'item' implicitly has an 'any' type.
app/admin/page.tsx(2245,97): error TS7006: Parameter 'idx' implicitly has an 'any' type.
app/admin/page.tsx(2253,107): error TS2345: Argument of type 'any[]' is not assignable to parameter of type 'string'.
app/admin/page.tsx(2266,62): error TS2304: Cannot find name 'MediaPicker'.
app/admin/page.tsx(2267,76): error TS7006: Parameter 'url' implicitly has an 'any' type.
app/admin/page.tsx(2269,95): error TS2345: Argument of type 'any[]' is not assignable to parameter of type 'string'.
